[2026-05-09 23:10:12][INFO] Loading resources...
[2026-05-09 23:10:12][FINE] Loading resources from: mods\architectury-9.2.14-forge-1.20.1.jar ...
[2026-05-09 23:10:12][FINE] Loading resources from: mods\bellsandwhistles-0.4.5-1.20.x-Create6.0+.jar ...
[2026-05-09 23:10:12][FINE] Loading resources from: mods\BlueMap-3.20-forge-1.20.jar ...
[2026-05-09 23:10:12][FINE] Loading resources from: mods\copycats-3.0.7+mc.1.20.1-forge.jar ...
[2026-05-09 23:10:12][FINE] Loading resources from: mods\create-1.20.1-6.0.8.jar ...
[2026-05-09 23:10:13][FINE] Loading resources from: mods\create-new-age-1.1.7f+forge-mc1.20.1.jar ...
[2026-05-09 23:10:13][FINE] Loading resources from: mods\createaddition-1.20.1-1.3.3.jar ...
[2026-05-09 23:10:13][FINE] Loading resources from: mods\createbigcannons-5.11.3-mc.1.20.1-forge.jar ...
[2026-05-09 23:10:13][FINE] Loading resources from: mods\createdeco-2.0.3-1.20.1-forge.jar ...
[2026-05-09 23:10:13][FINE] Failed to parse resource-file '/assets/createdeco/models/block/catwalk_bottom.json': java.lang.IllegalArgumentException: No enum constant de.bluecolored.bluemap.core.util.Direction.EAST:
[2026-05-09 23:10:13][FINE] Loading resources from: mods\createdieselgenerators-1.20.1-1.3.12.jar ...
[2026-05-09 23:10:13][FINE] Loading resources from: mods\createmissiles-1.0.1-forge-1.20.1-build.644.jar ...
[2026-05-09 23:10:13][FINE] Loading resources from: mods\create_enchantment_industry-1.3.2-for-create-6.0.4.jar ...
[2026-05-09 23:10:13][FINE] Loading resources from: mods\interiors-1.20.1-forge-0.6.0.jar ...
[2026-05-09 23:10:13][FINE] Loading resources from: mods\Jade-1.20.1-Forge-11.13.2.jar ...
[2026-05-09 23:10:13][FINE] Loading resources from: mods\jei-1.20.1-forge-15.20.0.130.jar ...
[2026-05-09 23:10:13][FINE] Loading resources from: mods\kotlinforforge-4.12.0-all.jar ...
[2026-05-09 23:10:13][FINE] Loading resources from: mods\ritchiesprojectilelib-2.1.1+mc.1.20.1-forge.jar ...
[2026-05-09 23:10:13][FINE] Loading resources from: mods\sliceanddice-forge-3.6.0.jar ...
[2026-05-09 23:10:13][FINE] Loading resources from: mods\Steam_Rails-1.7.2+forge-mc1.20.1.jar ...
[2026-05-09 23:10:13][FINE] Loading resources from: C:\Users\nnjkb\OneDrive\Рабочий стол\Новая папка\CreateServer\Server\world\datapacks\myrecipes ...
[2026-05-09 23:10:13][FINE] Loading resources from: C:\Users\nnjkb\OneDrive\Рабочий стол\Новая папка\CreateServer\Server\world\datapacks\pack.mcmeta.txt ...
[2026-05-09 23:10:13][FINE] Failed to read 'C:\Users\nnjkb\OneDrive\Рабочий стол\Новая папка\CreateServer\Server\world\datapacks\pack.mcmeta.txt': java.nio.file.ProviderNotFoundException: Provider not found
[2026-05-09 23:10:13][FINE] Loading resources from: bluemap\resourceExtensions.zip ...
[2026-05-09 23:10:13][FINE] Loading resources from: bluemap\minecraft-client-1.20.0.jar ...
[2026-05-09 23:10:13][INFO] Loading textures...
[2026-05-09 23:10:13][FINE] Loading textures from: mods\architectury-9.2.14-forge-1.20.1.jar ...
[2026-05-09 23:10:13][FINE] Loading textures from: mods\bellsandwhistles-0.4.5-1.20.x-Create6.0+.jar ...
[2026-05-09 23:10:14][FINE] Loading textures from: mods\BlueMap-3.20-forge-1.20.jar ...
[2026-05-09 23:10:14][FINE] Loading textures from: mods\copycats-3.0.7+mc.1.20.1-forge.jar ...
[2026-05-09 23:10:14][FINE] Loading textures from: mods\create-1.20.1-6.0.8.jar ...
[2026-05-09 23:10:15][FINE] Loading textures from: mods\create-new-age-1.1.7f+forge-mc1.20.1.jar ...
[2026-05-09 23:10:15][FINE] Loading textures from: mods\createaddition-1.20.1-1.3.3.jar ...
[2026-05-09 23:10:15][FINE] Loading textures from: mods\createbigcannons-5.11.3-mc.1.20.1-forge.jar ...
[2026-05-09 23:10:16][FINE] Loading textures from: mods\createdeco-2.0.3-1.20.1-forge.jar ...
[2026-05-09 23:10:16][FINE] Loading textures from: mods\createdieselgenerators-1.20.1-1.3.12.jar ...
[2026-05-09 23:10:16][FINE] Loading textures from: mods\createmissiles-1.0.1-forge-1.20.1-build.644.jar ...
[2026-05-09 23:10:16][FINE] Loading textures from: mods\create_enchantment_industry-1.3.2-for-create-6.0.4.jar ...
[2026-05-09 23:10:16][FINE] Loading textures from: mods\interiors-1.20.1-forge-0.6.0.jar ...
[2026-05-09 23:10:16][FINE] Loading textures from: mods\Jade-1.20.1-Forge-11.13.2.jar ...
[2026-05-09 23:10:16][FINE] Loading textures from: mods\jei-1.20.1-forge-15.20.0.130.jar ...
[2026-05-09 23:10:16][FINE] Loading textures from: mods\kotlinforforge-4.12.0-all.jar ...
[2026-05-09 23:10:16][FINE] Loading textures from: mods\ritchiesprojectilelib-2.1.1+mc.1.20.1-forge.jar ...
[2026-05-09 23:10:16][FINE] Loading textures from: mods\sliceanddice-forge-3.6.0.jar ...
[2026-05-09 23:10:16][FINE] Loading textures from: mods\Steam_Rails-1.7.2+forge-mc1.20.1.jar ...
[2026-05-09 23:10:20][FINE] Loading textures from: C:\Users\nnjkb\OneDrive\Рабочий стол\Новая папка\CreateServer\Server\world\datapacks\myrecipes ...
[2026-05-09 23:10:20][FINE] Loading textures from: C:\Users\nnjkb\OneDrive\Рабочий стол\Новая папка\CreateServer\Server\world\datapacks\pack.mcmeta.txt ...
[2026-05-09 23:10:20][FINE] Failed to read 'C:\Users\nnjkb\OneDrive\Рабочий стол\Новая папка\CreateServer\Server\world\datapacks\pack.mcmeta.txt': java.nio.file.ProviderNotFoundException: Provider not found
[2026-05-09 23:10:20][FINE] Loading textures from: bluemap\resourceExtensions.zip ...
[2026-05-09 23:10:20][FINE] Loading textures from: bluemap\minecraft-client-1.20.0.jar ...
[2026-05-09 23:10:22][INFO] Baking resources...
[2026-05-09 23:10:22][INFO] Resources loaded.
[2026-05-09 23:10:22][FINE] Loading world id for 'C:\Users\nnjkb\OneDrive\Рабочий стол\Новая папка\CreateServer\Server\world\DIM-1'...
[2026-05-09 23:10:22][INFO] Loading world 'fe5be464-a4c4-4a53-9e8b-530418bbbec0' (C:\Users\nnjkb\OneDrive\Рабочий стол\Новая папка\CreateServer\Server\world\DIM-1)...
[2026-05-09 23:10:22][INFO] Initializing Storage: 'file' (Type: FILE)
[2026-05-09 23:10:22][INFO] Loading map 'Nether'...
[2026-05-09 23:10:22][FINE] Loading world id for 'C:\Users\nnjkb\OneDrive\Рабочий стол\Новая папка\CreateServer\Server\world\DIM1'...
[2026-05-09 23:10:22][INFO] Loading world 'c01b32fe-e928-4415-9dfa-d741ceb96264' (C:\Users\nnjkb\OneDrive\Рабочий стол\Новая папка\CreateServer\Server\world\DIM1)...
[2026-05-09 23:10:22][INFO] Loading map 'End'...
[2026-05-09 23:10:22][FINE] Loading world id for 'C:\Users\nnjkb\OneDrive\Рабочий стол\Новая папка\CreateServer\Server\world'...
[2026-05-09 23:10:22][INFO] Loading world '288fd5f5-c3fd-49da-88cf-66eaaeaee06e' (C:\Users\nnjkb\OneDrive\Рабочий стол\Новая папка\CreateServer\Server\world)...
[2026-05-09 23:10:22][INFO] Loading map 'Overworld'...
[2026-05-09 23:10:23][INFO] WebServer bound to all network interfaces on port 8100
[2026-05-09 23:10:23][INFO] WebServer started.
[2026-05-09 23:10:23][INFO] Loaded!
[2026-05-09 23:14:41][FINE] Failed to load skin from mojang for player: '738496b4-c07c-39ff-8a58-4c1a38dab911' - java.io.IOException: Server returned HTTP response code: 403 for URL: https://sessionserver.mojang.com/session/minecraft/profile/738496b4-c07c-39ff-8a58-4c1a38dab911
[2026-05-09 23:14:41][FINE] No player-skin provided for UUID: 738496b4-c07c-39ff-8a58-4c1a38dab911
[2026-05-09 23:16:08][FINE] Failed to load skin from mojang for player: '4ebe348e-c230-3cb0-ab7d-035acaa1d9f9' - java.io.IOException: Server returned HTTP response code: 403 for URL: https://sessionserver.mojang.com/session/minecraft/profile/4ebe348e-c230-3cb0-ab7d-035acaa1d9f9
[2026-05-09 23:16:08][FINE] No player-skin provided for UUID: 4ebe348e-c230-3cb0-ab7d-035acaa1d9f9
[2026-05-09 23:23:34][FINE] Failed to load skin from mojang for player: '7a012562-3572-3cca-9a93-fd106306b351' - java.io.IOException: java.lang.IllegalStateException: Not a JSON Object: null
[2026-05-09 23:23:34][FINE] No player-skin provided for UUID: 7a012562-3572-3cca-9a93-fd106306b351
[2026-05-09 23:33:26][FINE] Failed to load skin from mojang for player: '937cab46-5b1a-3319-b792-44fd92f1d8f0' - java.io.IOException: java.lang.IllegalStateException: Not a JSON Object: null
[2026-05-09 23:33:26][FINE] No player-skin provided for UUID: 937cab46-5b1a-3319-b792-44fd92f1d8f0
[2026-05-10 00:42:25][FINE] Failed to process selection: java.io.IOException: Программа на вашем хост-компьютере разорвала установленное подключение
[2026-05-10 00:43:53][FINE] Failed to load skin from mojang for player: '738496b4-c07c-39ff-8a58-4c1a38dab911' - java.io.IOException: java.lang.IllegalStateException: Not a JSON Object: null
[2026-05-10 00:43:53][FINE] No player-skin provided for UUID: 738496b4-c07c-39ff-8a58-4c1a38dab911
[2026-05-10 00:50:54][FINE] Failed to process selection: java.net.SocketException: Connection reset
[2026-05-10 00:50:54][FINE] Failed to process selection: java.net.SocketException: Connection reset
[2026-05-10 00:50:54][FINE] Failed to process selection: java.net.SocketException: Connection reset
[2026-05-10 00:56:47][FINE] Failed to load skin from mojang for player: '937cab46-5b1a-3319-b792-44fd92f1d8f0' - java.io.IOException: java.lang.IllegalStateException: Not a JSON Object: null
[2026-05-10 00:56:47][FINE] No player-skin provided for UUID: 937cab46-5b1a-3319-b792-44fd92f1d8f0
[2026-05-10 02:15:15][FINE] Failed to load skin from mojang for player: '738496b4-c07c-39ff-8a58-4c1a38dab911' - java.io.IOException: java.lang.IllegalStateException: Not a JSON Object: null
[2026-05-10 02:15:15][FINE] No player-skin provided for UUID: 738496b4-c07c-39ff-8a58-4c1a38dab911
